........                                                                 [100%]
8 passed in 15.83s
